[    0.000000] Initializing cgroup subsys cpuset
[    0.000000] Initializing cgroup subsys cpu
[    0.000000] Initializing cgroup subsys cpuacct
[    0.000000] Linux version 4.4.0-174-generic (buildd@lcy01-amd64-027) (gcc version 5.4.0 20160609 (Ubuntu 5.4.0-6ubuntu1~16.04.12) ) #204-Ubuntu SMP Wed Jan 29 06:41:01 UTC 2020 (Ubuntu 4.4.0-174.204-generic 4.4.211)
[    0.000000] Command line: BOOT_IMAGE=/boot/vmlinuz-4.4.0-174-generic root=LABEL=cloudimg-rootfs ro console=tty1 console=ttyS0
[    0.000000] KERNEL supported cpus:
[    0.000000]   Intel GenuineIntel
[    0.000000]   AMD AuthenticAMD
[    0.000000]   Centaur CentaurHauls
[    0.000000] x86/fpu: xstate_offset[2]:  576, xstate_sizes[2]:  256
[    0.000000] x86/fpu: Supporting XSAVE feature 0x01: 'x87 floating point registers'
[    0.000000] x86/fpu: Supporting XSAVE feature 0x02: 'SSE registers'
[    0.000000] x86/fpu: Supporting XSAVE feature 0x04: 'AVX registers'
[    0.000000] x86/fpu: Enabled xstate features 0x7, context size is 832 bytes, using 'standard' format.
[    0.000000] e820: BIOS-provided physical RAM map:
[    0.000000] BIOS-e820: [mem 0x0000000000000000-0x000000000009fbff] usable
[    0.000000] BIOS-e820: [mem 0x000000000009fc00-0x000000000009ffff] reserved
[    0.000000] BIOS-e820: [mem 0x00000000000f0000-0x00000000000fffff] reserved
[    0.000000] BIOS-e820: [mem 0x0000000000100000-0x000000007e7effff] usable
[    0.000000] BIOS-e820: [mem 0x000000007e7f0000-0x000000007e7fffff] ACPI data
[    0.000000] BIOS-e820: [mem 0x00000000fec00000-0x00000000fec00fff] reserved
[    0.000000] BIOS-e820: [mem 0x00000000fee00000-0x00000000fee00fff] reserved
[    0.000000] BIOS-e820: [mem 0x00000000fffc0000-0x00000000ffffffff] reserved
[    0.000000] NX (Execute Disable) protection: active
[    0.000000] SMBIOS 2.5 present.
[    0.000000] Hypervisor detected: KVM
[    0.000000] Kernel/User page tables isolation: disabled
[    0.000000] e820: last_pfn = 0x7e7f0 max_arch_pfn = 0x400000000
[    0.000000] MTRR: Disabled
[    0.000000] x86/PAT: MTRRs disabled, skipping PAT initialization too.
[    0.000000] CPU MTRRs all blank - virtualized system.
[    0.000000] x86/PAT: Configuration [0-7]: WB  WT  UC- UC  WB  WT  UC- UC  
[    0.000000] found SMP MP-table at [mem 0x0009fff0-0x0009ffff] mapped at [ffff88000009fff0]
[    0.000000] Scanning 1 areas for low memory corruption
[    0.000000] RAMDISK: [mem 0x362e0000-0x37167fff]
[    0.000000] ACPI: Early table checksum verification disabled
[    0.000000] ACPI: RSDP 0x00000000000E0000 000024 (v02 VBOX  )
[    0.000000] ACPI: XSDT 0x000000007E7F0030 00003C (v01 VBOX   VBOXXSDT 00000001 ASL  00000061)
[    0.000000] ACPI: FACP 0x000000007E7F00F0 0000F4 (v04 VBOX   VBOXFACP 00000001 ASL  00000061)
[    0.000000] ACPI: DSDT 0x000000007E7F0470 0022EA (v02 VBOX   VBOXBIOS 00000002 INTL 20100528)
[    0.000000] ACPI: FACS 0x000000007E7F0200 000040
[    0.000000] ACPI: FACS 0x000000007E7F0200 000040
[    0.000000] ACPI: APIC 0x000000007E7F0240 00005C (v02 VBOX   VBOXAPIC 00000001 ASL  00000061)
[    0.000000] ACPI: SSDT 0x000000007E7F02A0 0001CC (v01 VBOX   VBOXCPUT 00000002 INTL 20100528)
[    0.000000] No NUMA configuration found
[    0.000000] Faking a node at [mem 0x0000000000000000-0x000000007e7effff]
[    0.000000] NODE_DATA(0) allocated [mem 0x7e7eb000-0x7e7effff]
[    0.000000] kvm-clock: Using msrs 4b564d01 and 4b564d00
[    0.000000] kvm-clock: cpu 0, msr 0:7e7e3001, primary cpu clock
[    0.000000] kvm-clock: using sched offset of 3135527606 cycles
[    0.000000] clocksource: kvm-clock: mask: 0xffffffffffffffff max_cycles: 0x1cd42e4dffb, max_idle_ns: 881590591483 ns
[    0.000000] Zone ranges:
[    0.000000]   DMA      [mem 0x0000000000001000-0x0000000000ffffff]
[    0.000000]   DMA32    [mem 0x0000000001000000-0x000000007e7effff]
[    0.000000]   Normal   empty
[    0.000000]   Device   empty
[    0.000000] Movable zone start for each node
[    0.000000] Early memory node ranges
[    0.000000]   node   0: [mem 0x0000000000001000-0x000000000009efff]
[    0.000000]   node   0: [mem 0x0000000000100000-0x000000007e7effff]
[    0.000000] Initmem setup node 0 [mem 0x0000000000001000-0x000000007e7effff]
[    0.000000] ACPI: PM-Timer IO Port: 0x4008
[    0.000000] IOAPIC[0]: apic_id 2, version 32, address 0xfec00000, GSI 0-23
[    0.000000] ACPI: INT_SRC_OVR (bus 0 bus_irq 0 global_irq 2 dfl dfl)
[    0.000000] ACPI: INT_SRC_OVR (bus 0 bus_irq 9 global_irq 9 low level)
[    0.000000] Using ACPI (MADT) for SMP configuration information
[    0.000000] smpboot: Allowing 2 CPUs, 0 hotplug CPUs
[    0.000000] PM: Registered nosave memory: [mem 0x00000000-0x00000fff]
[    0.000000] PM: Registered nosave memory: [mem 0x0009f000-0x0009ffff]
[    0.000000] PM: Registered nosave memory: [mem 0x000a0000-0x000effff]
[    0.000000] PM: Registered nosave memory: [mem 0x000f0000-0x000fffff]
[    0.000000] e820: [mem 0x7e800000-0xfebfffff] available for PCI devices
[    0.000000] Booting paravirtualized kernel on KVM
[    0.000000] clocksource: refined-jiffies: mask: 0xffffffff max_cycles: 0xffffffff, max_idle_ns: 7645519600211568 ns
[    0.000000] setup_percpu: NR_CPUS:512 nr_cpumask_bits:512 nr_cpu_ids:2 nr_node_ids:1
[    0.000000] PERCPU: Embedded 33 pages/cpu @ffff88007e400000 s95448 r8192 d31528 u1048576
[    0.000000] Built 1 zonelists in Node order, mobility grouping on.  Total pages: 509912
[    0.000000] Policy zone: DMA32
[    0.000000] Kernel command line: BOOT_IMAGE=/boot/vmlinuz-4.4.0-174-generic root=LABEL=cloudimg-rootfs ro console=tty1 console=ttyS0
[    0.000000] PID hash table entries: 4096 (order: 3, 32768 bytes)
[    0.000000] Memory: 2005288K/2072120K available (8626K kernel code, 1336K rwdata, 4032K rodata, 1488K init, 1292K bss, 66832K reserved, 0K cma-reserved)
[    0.000000] SLUB: HWalign=64, Order=0-3, MinObjects=0, CPUs=2, Nodes=1
[    0.000000] Hierarchical RCU implementation.
[    0.000000] 	Build-time adjustment of leaf fanout to 64.
[    0.000000] 	RCU restricting CPUs from NR_CPUS=512 to nr_cpu_ids=2.
[    0.000000] RCU: Adjusting geometry for rcu_fanout_leaf=64, nr_cpu_ids=2
[    0.000000] NR_IRQS:33024 nr_irqs:440 16
[    0.000000] Console: colour VGA+ 80x25
[    0.000000] console [tty1] enabled
[    0.000000] console [ttyS0] enabled
[    0.000000] tsc: Detected 1992.000 MHz processor
[    0.162900] Calibrating delay loop (skipped) preset value.. 3984.00 BogoMIPS (lpj=7968000)
[    0.164635] pid_max: default: 32768 minimum: 301
[    0.165491] ACPI: Core revision 20150930
[    0.168103] ACPI: 2 ACPI AML tables successfully acquired and loaded
[    0.169438] Security Framework initialized
[    0.170322] Yama: becoming mindful.
[    0.171064] AppArmor: AppArmor initialized
[    0.172992] Dentry cache hash table entries: 262144 (order: 9, 2097152 bytes)
[    0.175002] Inode-cache hash table entries: 131072 (order: 8, 1048576 bytes)
[    0.176836] Mount-cache hash table entries: 4096 (order: 3, 32768 bytes)
[    0.178141] Mountpoint-cache hash table entries: 4096 (order: 3, 32768 bytes)
[    0.181122] Initializing cgroup subsys io
[    0.181938] Initializing cgroup subsys memory
[    0.182880] Initializing cgroup subsys devices
[    0.183719] Initializing cgroup subsys freezer
[    0.184600] Initializing cgroup subsys net_cls
[    0.185439] Initializing cgroup subsys perf_event
[    0.186374] Initializing cgroup subsys net_prio
[    0.187400] Initializing cgroup subsys hugetlb
[    0.188232] Initializing cgroup subsys pids
[    0.190678] mce: CPU supports 0 MCE banks
[    0.191486] Last level iTLB entries: 4KB 64, 2MB 8, 4MB 8
[    0.192499] Last level dTLB entries: 4KB 64, 2MB 0, 4MB 0, 1GB 4
[    0.193524] Spectre V1 : Mitigation: usercopy/swapgs barriers and __user pointer sanitization
[    0.195138] Spectre V2 : Mitigation: Full generic retpoline
[    0.196148] Spectre V2 : Spectre v2 / SpectreRSB mitigation: Filling RSB on context switch
[    0.197744] Speculative Store Bypass: Vulnerable
[    0.198715] MDS: Vulnerable: Clear CPU buffers attempted, no microcode
[    0.202136] Freeing SMP alternatives memory: 36K
[    0.208229] ftrace: allocating 32305 entries in 127 pages
[    0.258917] smpboot: APIC(0) Converting physical 0 to logical package 0
[    0.260008] smpboot: Max logical packages: 1
[    0.261094] x2apic enabled
[    0.261961] Switched APIC routing to physical x2apic.
[    0.264024] ..TIMER: vector=0x30 apic1=0 pin1=2 apic2=-1 pin2=-1
[    0.373243] smpboot: CPU0: Intel(R) Core(TM) i7-8565U CPU @ 1.80GHz (family: 0x6, model: 0x8e, stepping: 0xb)
[    0.375359] Performance Events: unsupported p6 CPU model 142 no PMU driver, software events only.
[    0.385237] KVM setup paravirtual spinlock
[    0.386787] x86: Booting SMP configuration:
[    0.387586] .... node  #0, CPUs:      #1
[    0.388490] kvm-clock: cpu 1, msr 0:7e7e3041, secondary cpu clock
[    0.390938] mce: CPU supports 0 MCE banks
[    0.393423] x86: Booted up 1 node, 2 CPUs
[    0.394418] smpboot: Total of 2 processors activated (7968.00 BogoMIPS)
[    0.395931] devtmpfs: initialized
[    0.397690] evm: security.selinux
[    0.398478] evm: security.SMACK64
[    0.399159] evm: security.SMACK64EXEC
[    0.399934] evm: security.SMACK64TRANSMUTE
[    0.400747] evm: security.SMACK64MMAP
[    0.401513] evm: security.ima
[    0.402292] evm: security.capability
[    0.403291] clocksource: jiffies: mask: 0xffffffff max_cycles: 0xffffffff, max_idle_ns: 7645041785100000 ns
[    0.404906] futex hash table entries: 512 (order: 3, 32768 bytes)
[    0.406219] pinctrl core: initialized pinctrl subsystem
[    0.407306] RTC time: 19:19:18, date: 03/15/20
[    0.408315] NET: Registered protocol family 16
[    0.422737] cpuidle: using governor ladder
[    0.434033] cpuidle: using governor menu
[    0.434985] PCCT header not found.
[    0.435811] ACPI: bus type PCI registered
[    0.436656] acpiphp: ACPI Hot Plug PCI Controller Driver version: 0.5
[    0.437977] PCI: Using configuration type 1 for base access
[    0.454923] ACPI: Added _OSI(Module Device)
[    0.455806] ACPI: Added _OSI(Processor Device)
[    0.456684] ACPI: Added _OSI(3.0 _SCP Extensions)
[    0.457582] ACPI: Added _OSI(Processor Aggregator Device)
[    0.459129] ACPI: Executed 1 blocks of module-level executable AML code
[    0.463502] ACPI: Interpreter enabled
[    0.464313] ACPI: (supports S0 S5)
[    0.465386] ACPI: Using IOAPIC for interrupt routing
[    0.466567] PCI: Using host bridge windows from ACPI; if necessary, use "pci=nocrs" and report a bug
[    0.471248] ACPI: PCI Root Bridge [PCI0] (domain 0000 [bus 00-ff])
[    0.472305] acpi PNP0A03:00: _OSC: OS supports [ASPM ClockPM Segments MSI]
[    0.473734] acpi PNP0A03:00: _OSC: not requesting OS control; OS requires [ExtendedConfig ASPM ClockPM MSI]
[    0.475418] acpi PNP0A03:00: fail to add MMCONFIG information, can't access extended PCI configuration space under this bridge.
[    0.477530] PCI host bridge to bus 0000:00
[    0.478366] pci_bus 0000:00: root bus resource [io  0x0000-0x0cf7 window]
[    0.479507] pci_bus 0000:00: root bus resource [io  0x0d00-0xffff window]
[    0.480646] pci_bus 0000:00: root bus resource [mem 0x000a0000-0x000bffff window]
[    0.482017] pci_bus 0000:00: root bus resource [mem 0x7e800000-0xfdffffff window]
[    0.483462] pci_bus 0000:00: root bus resource [bus 00-ff]
[    0.485793] pci 0000:00:01.1: legacy IDE quirk: reg 0x10: [io  0x01f0-0x01f7]
[    0.486965] pci 0000:00:01.1: legacy IDE quirk: reg 0x14: [io  0x03f6]
[    0.488061] pci 0000:00:01.1: legacy IDE quirk: reg 0x18: [io  0x0170-0x0177]
[    0.489249] pci 0000:00:01.1: legacy IDE quirk: reg 0x1c: [io  0x0376]
[    0.516925] pci 0000:00:07.0: quirk: [io  0x4000-0x403f] claimed by PIIX4 ACPI
[    0.518438] pci 0000:00:07.0: quirk: [io  0x4100-0x410f] claimed by PIIX4 SMB
[    0.524927] ACPI: PCI Interrupt Link [LNKA] (IRQs 5 9 10 *11)
[    0.526699] ACPI: PCI Interrupt Link [LNKB] (IRQs 5 9 *10 11)
[    0.528237] ACPI: PCI Interrupt Link [LNKC] (IRQs 5 *9 10 11)
[    0.529869] ACPI: PCI Interrupt Link [LNKD] (IRQs 5 9 10 *11)
[    0.531435] ACPI: Enabled 2 GPEs in block 00 to 07
[    0.532827] vgaarb: setting as boot device: PCI:0000:00:02.0
[    0.533917] vgaarb: device added: PCI:0000:00:02.0,decodes=io+mem,owns=io+mem,locks=none
[    0.535411] vgaarb: loaded
[    0.536011] vgaarb: bridge control possible 0000:00:02.0
[    0.537144] SCSI subsystem initialized
[    0.538065] ACPI: bus type USB registered
[    0.538856] usbcore: registered new interface driver usbfs
[    0.539827] usbcore: registered new interface driver hub
[    0.540795] usbcore: registered new device driver usb
[    0.542301] PCI: Using ACPI for IRQ routing
[    0.543626] NetLabel: Initializing
[    0.544359] NetLabel:  domain hash size = 128
[    0.545230] NetLabel:  protocols = UNLABELED CIPSOv4
[    0.546270] NetLabel:  unlabeled traffic allowed by default
[    0.547509] amd_nb: Cannot enumerate AMD northbridges
[    0.548541] clocksource: Switched to clocksource kvm-clock
[    0.556622] AppArmor: AppArmor Filesystem Enabled
[    0.557623] pnp: PnP ACPI init
[    0.559057] pnp: PnP ACPI: found 3 devices
[    0.570378] clocksource: acpi_pm: mask: 0xffffff max_cycles: 0xffffff, max_idle_ns: 2085701024 ns
[    0.572202] NET: Registered protocol family 2
[    0.573373] TCP established hash table entries: 16384 (order: 5, 131072 bytes)
[    0.574874] TCP bind hash table entries: 16384 (order: 6, 262144 bytes)
[    0.576119] TCP: Hash tables configured (established 16384 bind 16384)
[    0.577480] UDP hash table entries: 1024 (order: 3, 32768 bytes)
[    0.578633] UDP-Lite hash table entries: 1024 (order: 3, 32768 bytes)
[    0.579864] NET: Registered protocol family 1
[    0.581024] pci 0000:00:00.0: Limiting direct PCI/PCI transfers
[    0.582262] pci 0000:00:01.0: Activating ISA DMA hang workarounds
[    0.583507] Unpacking initramfs...
[    0.742463] Freeing initrd memory: 14880K
[    0.743354] clocksource: tsc: mask: 0xffffffffffffffff max_cycles: 0x396d519840e, max_idle_ns: 881590569543 ns
[    0.745256] platform rtc_cmos: registered platform RTC device (no PNP device found)
[    0.746676] Scanning for low memory corruption every 60 seconds
[    0.748035] audit: initializing netlink subsys (disabled)
[    0.749157] audit: type=2000 audit(1584299963.719:1): initialized
[    0.750460] Initialise system trusted keyring
[    0.751540] HugeTLB registered 2 MB page size, pre-allocated 0 pages
[    0.753690] zbud: loaded
[    0.754703] VFS: Disk quotas dquot_6.6.0
[    0.755578] VFS: Dquot-cache hash table entries: 512 (order 0, 4096 bytes)
[    0.757003] squashfs: version 4.0 (2009/01/31) Phillip Lougher
[    0.758244] fuse init (API version 7.23)
[    0.759103] Key type big_key registered
[    0.759859] Allocating IMA MOK and blacklist keyrings.
[    0.763486] Key type asymmetric registered
[    0.764376] Asymmetric key parser 'x509' registered
[    0.765571] Block layer SCSI generic (bsg) driver version 0.4 loaded (major 249)
[    0.767218] io scheduler noop registered
[    0.768048] io scheduler deadline registered (default)
[    0.769103] io scheduler cfq registered
[    0.770004] pci_hotplug: PCI Hot Plug PCI Core version: 0.5
[    0.771054] pciehp: PCI Express Hot Plug Controller Driver version: 0.4
[    0.772334] ACPI: AC Adapter [AC] (on-line)
[    0.773336] input: Power Button as /devices/LNXSYSTM:00/LNXPWRBN:00/input/input0
[    0.774785] ACPI: Power Button [PWRF]
[    0.775571] input: Sleep Button as /devices/LNXSYSTM:00/LNXSLPBN:00/input/input1
[    0.776895] ACPI: Sleep Button [SLPF]
[    0.777922] GHES: HEST is not enabled!
[    0.779227] ACPI: Battery Slot [BAT0] (battery present)
[    0.780179] Serial: 8250/16550 driver, 32 ports, IRQ sharing enabled
[    0.801742] 00:02: ttyS0 at I/O 0x3f8 (irq = 4, base_baud = 115200) is a 16550A
[    0.804008] Linux agpgart interface v0.103
[    0.806639] loop: module loaded
[    0.807965] scsi host0: ata_piix
[    0.808979] scsi host1: ata_piix
[    0.809688] ata1: PATA max UDMA/33 cmd 0x1f0 ctl 0x3f6 bmdma 0xd000 irq 14
[    0.810798] ata2: PATA max UDMA/33 cmd 0x170 ctl 0x376 bmdma 0xd008 irq 15
[    0.811998] libphy: Fixed MDIO Bus: probed
[    0.812839] tun: Universal TUN/TAP device driver, 1.6
[    0.813806] tun: (C) 1999-2004 Max Krasnyansky <maxk@qualcomm.com>
[    0.814969] PPP generic driver version 2.4.2
[    0.815942] ehci_hcd: USB 2.0 'Enhanced' Host Controller (EHCI) Driver
[    0.817161] ehci-pci: EHCI PCI platform driver
[    0.818129] ehci-platform: EHCI generic platform driver
[    0.819060] ohci_hcd: USB 1.1 'Open' Host Controller (OHCI) Driver
[    0.820103] ohci-pci: OHCI PCI platform driver
[    0.821091] ohci-platform: OHCI generic platform driver
[    0.822011] uhci_hcd: USB Universal Host Controller Interface driver
[    0.823102] i8042: PNP: PS/2 Controller [PNP0303:PS2K,PNP0f03:PS2M] at 0x60,0x64 irq 1,12
[    0.825105] serio: i8042 KBD port at 0x60,0x64 irq 1
[    0.826059] serio: i8042 AUX port at 0x60,0x64 irq 12
[    0.827030] mousedev: PS/2 mouse device common for all mice
[    0.828287] rtc_cmos rtc_cmos: rtc core: registered rtc_cmos as rtc0
[    0.829720] rtc_cmos rtc_cmos: alarms up to one day, 114 bytes nvram
[    0.830824] i2c /dev entries driver
[    0.831608] device-mapper: uevent: version 1.0.3
[    0.832495] input: AT Translated Set 2 keyboard as /devices/platform/i8042/serio0/input/input2
[    0.834268] device-mapper: ioctl: 4.34.0-ioctl (2015-10-28) initialised: dm-devel@redhat.com
[    0.835786] ledtrig-cpu: registered to indicate activity on CPUs
[    0.837441] NET: Registered protocol family 10
[    0.838576] NET: Registered protocol family 17
[    0.839409] Key type dns_resolver registered
[    0.840415] registered taskstats version 1
[    0.841293] Loading compiled-in X.509 certificates
[    0.842519] Loaded X.509 cert 'Build time autogenerated kernel key: 2501974cc66248a18f8fa54aaac948a5171f77fb'
[    0.844249] zswap: loaded using pool lzo/zbud
[    0.846985] Key type trusted registered
[    0.851220] Key type encrypted registered
[    0.852002] AppArmor: AppArmor sha1 policy hashing enabled
[    0.853005] ima: No TPM chip found, activating TPM-bypass!
[    0.853954] ima: Allocated hash algorithm: sha1
[    0.854786] evm: HMAC attrs: 0x1
[    0.855933]   Magic number: 12:395:344
[    0.856689] tty tty61: hash matches
[    0.857571] rtc_cmos rtc_cmos: setting system clock to 2020-03-15 19:19:19 UTC (1584299959)
[    0.859327] BIOS EDD facility v0.16 2004-Jun-25, 0 devices found
[    0.860380] EDD information not available.
[    0.976775] Freeing unused kernel memory: 1488K
[    0.977935] Write protecting the kernel read-only data: 14336k
[    0.979790] Freeing unused kernel memory: 1604K
[    0.981152] Freeing unused kernel memory: 64K
Loading, please wait...
starting version 229
[    0.995222] random: systemd-udevd: uninitialized urandom read (16 bytes read, 1 bits of entropy available)
[    0.995740] random: udevadm: uninitialized urandom read (16 bytes read, 1 bits of entropy available)
[    0.995757] random: udevadm: uninitialized urandom read (16 bytes read, 1 bits of entropy available)
[    1.001943] random: systemd-udevd: uninitialized urandom read (16 bytes read, 1 bits of entropy available)
[    1.002963] random: udevadm: uninitialized urandom read (16 bytes read, 1 bits of entropy available)
[    1.002995] random: udevadm: uninitialized urandom read (16 bytes read, 1 bits of entropy available)
[    1.003125] random: udevadm: uninitialized urandom read (16 bytes read, 1 bits of entropy available)
[    1.003166] random: udevadm: uninitialized urandom read (16 bytes read, 1 bits of entropy available)
[    1.003206] random: udevadm: uninitialized urandom read (16 bytes read, 1 bits of entropy available)
[    1.003248] random: udevadm: uninitialized urandom read (16 bytes read, 1 bits of entropy available)
[    1.033723] e1000: Intel(R) PRO/1000 Network Driver - version 7.3.21-k8-NAPI
[    1.034956] e1000: Copyright (c) 1999-2006 Intel Corporation.
[    1.036098] Fusion MPT base driver 3.04.20
[    1.037053] Copyright (c) 1999-2008 LSI Corporation
[    1.044269] Fusion MPT SPI Host driver 3.04.20
[    1.049732] AVX2 version of gcm_enc/dec engaged.
[    1.050649] AES CTR mode by8 optimization enabled
[    1.243569] input: ImExPS/2 Generic Explorer Mouse as /devices/platform/i8042/serio1/input/input4
[    1.394912] e1000 0000:00:03.0 eth0: (PCI:33MHz:32-bit) 02:1b:c5:10:6b:e2
[    1.396209] e1000 0000:00:03.0 eth0: Intel(R) PRO/1000 Network Connection
[    1.398232] mptbase: ioc0: Initiating bringup
[    1.398810] e1000 0000:00:03.0 enp0s3: renamed from eth0
[    1.722384] ioc0: LSI53C1030 A0: Capabilities={Initiator}
[    2.767750] scsi host2: ioc0: LSI53C1030 A0, FwRev=00000000h, Ports=1, MaxQ=256, IRQ=20
[    3.177343] scsi 2:0:0:0: Direct-Access     VBOX     HARDDISK         1.0  PQ: 0 ANSI: 5
[    3.179842] scsi target2:0:0: Beginning Domain Validation
[    3.183241] scsi target2:0:0: Domain Validation skipping write tests
[    3.184399] scsi target2:0:0: Ending Domain Validation
[    3.185612] scsi target2:0:0: asynchronous
[    3.187354] scsi 2:0:1:0: Direct-Access     VBOX     HARDDISK         1.0  PQ: 0 ANSI: 5
[    3.189033] scsi target2:0:1: Beginning Domain Validation
[    3.192287] scsi target2:0:1: Domain Validation skipping write tests
[    3.204343] scsi target2:0:1: Ending Domain Validation
[    3.205433] scsi target2:0:1: asynchronous
[    3.213643] sd 2:0:0:0: [sda] 20971520 512-byte logical blocks: (10.7 GB/10.0 GiB)
[    3.215230] sd 2:0:0:0: Attached scsi generic sg0 type 0
[    3.216568] sd 2:0:0:0: [sda] Write Protect is off
[    3.217512] sd 2:0:1:0: Attached scsi generic sg1 type 0
[    3.218604] sd 2:0:1:0: [sdb] 20480 512-byte logical blocks: (10.5 MB/10.0 MiB)
[    3.220321] sd 2:0:0:0: [sda] Incomplete mode parameter data
[    3.221441] sd 2:0:0:0: [sda] Assuming drive cache: write through
[    3.222716] sd 2:0:1:0: [sdb] Write Protect is off
[    3.223770] sd 2:0:1:0: [sdb] Incomplete mode parameter data
[    3.224800] sd 2:0:1:0: [sdb] Assuming drive cache: write through
[    3.234994]  sda: sda1
[    3.237051] sd 2:0:0:0: [sda] Attached SCSI disk
[    3.238401] sd 2:0:1:0: [sdb] Attached SCSI disk
Begin: Loading essential drivers ... [    4.611590] md: linear personality registered for level -1
[    4.614423] md: multipath personality registered for level -4
[    4.617137] md: raid0 personality registered for level 0
[    4.621035] md: raid1 personality registered for level 1
[    4.693319] raid6: sse2x1   gen() 14688 MB/s
[    4.760680] raid6: sse2x1   xor() 11011 MB/s
[    4.828968] raid6: sse2x2   gen() 16047 MB/s
[    4.897372] raid6: sse2x2   xor() 12518 MB/s
[    4.964702] raid6: sse2x4   gen() 19711 MB/s
[    5.032552] raid6: sse2x4   xor() 13758 MB/s
[    5.101029] raid6: avx2x1   gen() 29154 MB/s
[    5.168608] raid6: avx2x2   gen() 31712 MB/s
[    5.236949] raid6: avx2x4   gen() 35564 MB/s
[    5.237860] raid6: using algorithm avx2x4 gen() 35564 MB/s
[    5.238834] raid6: using avx2x2 recovery algorithm
[    5.240787] xor: automatically using best checksumming function:
[    5.280647]    avx       : 34473.000 MB/sec
[    5.282489] async_tx: api initialized (async)
[    5.290528] md: raid6 personality registered for level 6
[    5.291556] md: raid5 personality registered for level 5
[    5.292563] md: raid4 personality registered for level 4
[    5.298347] md: raid10 personality registered for level 10
done.
Begin: Running /scripts/init-premount ... done.
Begin: Mounting root file system ... Begin: Running /scripts/local-top ... done.
Begin: Running /scripts/local-premount ... [    5.323909] Btrfs loaded
Scanning for Btrfs filesystems
done.
Warning: fsck not present, so skipping root file system
[    5.352351] EXT4-fs (sda1): mounted filesystem with ordered data mode. Opts: (null)
done.
Begin: Running /scripts/local-bottom ... done.
Begin: Running /scripts/init-bottom ... done.
[    5.440646] systemd[1]: systemd 229 running in system mode. (+PAM +AUDIT +SELINUX +IMA +APPARMOR +SMACK +SYSVINIT +UTMP +LIBCRYPTSETUP +GCRYPT +GNUTLS +ACL +XZ -LZ4 +SECCOMP +BLKID +ELFUTILS +KMOD -IDN)
[    5.444422] systemd[1]: Detected virtualization oracle.
[    5.446005] systemd[1]: Detected architecture x86-64.

Welcome to [1mUbuntu 16.04.6 LTS[0m!

[    5.457523] systemd[1]: Set hostname to <ubuntu>.
[    5.461772] systemd[1]: Initializing machine ID from random generator.
[    5.463223] systemd[1]: Installed transient /etc/machine-id file.
[    5.596172] systemd[1]: Created slice User and Session Slice.
[[0;32m  OK  [0m] Created slice User and Session Slice.
[    5.598161] systemd[1]: Listening on Journal Socket (/dev/log).
[[0;32m  OK  [0m] Listening on Journal Socket (/dev/log).
[    5.605038] systemd[1]: Listening on udev Kernel Socket.
[[0;32m  OK  [0m] Listening on udev Kernel Socket.
[    5.606862] systemd[1]: Set up automount Arbitrary Executable File Formats File System Automount Point.
[[0;32m  OK  [0m] Set up automount Arbitrary Executab...ats File System Automount Point.
[    5.609760] systemd[1]: Started Forward Password Requests to Wall Directory Watch.
[[0;32m  OK  [0m] Started Forward Password Requests to Wall Directory Watch.
[    5.617520] systemd[1]: Reached target Swap.
[[0;32m  OK  [0m] Reached target Swap.
[    5.624998] systemd[1]: Reached target User and Group Name Lookups.
[[0;32m  OK  [0m] Reached target User and Group Name Lookups.
[    5.633418] systemd[1]: Reached target System Time Synchronized.
[[0;32m  OK  [0m] Reached target System Time Synchronized.
[    5.642155] systemd[1]: Listening on LVM2 metadata daemon socket.
[[0;32m  OK  [0m] Listening on LVM2 metadata daemon socket.
[    5.648732] systemd[1]: Listening on LVM2 poll daemon socket.
[[0;32m  OK  [0m] Listening on LVM2 poll daemon socket.
[    5.657940] systemd[1]: Reached target Encrypted Volumes.
[[0;32m  OK  [0m] Reached target Encrypted Volumes.
[    5.665514] systemd[1]: Created slice System Slice.
[[0;32m  OK  [0m] Created slice System Slice.
[    5.673370] systemd[1]: Created slice system-serial\x2dgetty.slice.
[[0;32m  OK  [0m] Created slice system-serial\x2dgetty.slice.
[    5.680880] systemd[1]: Reached target Slices.
[[0;32m  OK  [0m] Reached target Slices.
[    5.689240] systemd[1]: Listening on udev Control Socket.
[[0;32m  OK  [0m] Listening on udev Control Socket.
[    5.691701] systemd[1]: Listening on Journal Audit Socket.
[[0;32m  OK  [0m] Listening on Journal Audit Socket.
[    5.701053] systemd[1]: Listening on Device-mapper event daemon FIFOs.
[[0;32m  OK  [0m] Listening on Device-mapper event daemon FIFOs.
[    5.709272] systemd[1]: Listening on Journal Socket.
[[0;32m  OK  [0m] Listening on Journal Socket.
[    5.720949] systemd[1]: Starting Remount Root and Kernel File Systems...
         Starting Remount Root and Kernel File Systems...
[    5.724711] systemd[1]: Starting Set console keymap...
         Starting Set console keymap...
[    5.728309] EXT4-fs (sda1): re-mounted. Opts: (null)
[    5.737393] systemd[1]: Starting Nameserver information manager...
         Starting Nameserver information manager...
[    5.740550] systemd[1]: Mounting Huge Pages File System...
         Mounting Huge Pages File System...
[    5.749216] systemd[1]: Starting Create list of required static device nodes for the current kernel...
         Starting Create list of required st... nodes for the current kernel...
[    5.752718] systemd[1]: Mounting POSIX Message Queue File System...
         Mounting POSIX Message Queue File System...
[    5.755296] systemd[1]: Starting Monitoring of LVM2 mirrors, snapshots etc. using dmeventd or progress polling...
         Starting Monitoring of LVM2 mirrors... dmeventd or progress polling...
[    5.767685] systemd[1]: Starting Load Kernel Modules...
         Starting Load Kernel Modules...
[    5.769661] systemd[1]: Listening on Syslog Socket.
[[0;32m  OK  [0m] Listening on Syslog Socket.
[    5.772541] systemd[1]: Listening on /dev/initctl Compatibility Named Pipe.
[[0;32m  OK  [0m] Listening on /dev/initctl Compatibility Named Pipe.
[    5.774684] Loading iSCSI transport class v2.0-870.
[    5.776179] systemd[1]: Started Trigger resolvconf update for networkd DNS.
[[0;32m  OK  [0m] Started Trigger resolvconf update for networkd DNS.
[    5.781642] iscsi: registered transport (tcp)
[    5.785058] systemd[1]: Starting Uncomplicated firewall...
         Starting Uncomplicated firewall...
[    5.788052] systemd[1]: Mounting Debug File System...
         Mounting Debug File System...
[    5.801329] systemd[1]: Starting Journal Service...
         Starting Journal Service...
[    5.807425] iscsi: registered transport (iser)
[    5.821586] systemd[1]: Mounted Debug File System.
[[0;32m  OK  [0m] Mounted Debug File System.
[    5.828798] systemd[1]: Mounted POSIX Message Queue File System.
[[0;32m  OK  [0m] Mounted POSIX Message Queue File System.
[    5.836712] systemd[1]: Mounted Huge Pages File System.
[[0;32m  OK  [0m] Mounted Huge Pages File System.
[    5.845547] systemd[1]: Started Journal Service.
[[0;32m  OK  [0m] Started Journal Service.
[[0;32m  OK  [0m] Started Remount Root and Kernel File Systems.
[[0;32m  OK  [0m] Started Set console keymap.
[[0;32m  OK  [0m] Started Create list of required sta...ce nodes for the current kernel.
[[0;32m  OK  [0m] Started Load Kernel Modules.
[[0;32m  OK  [0m] Started Uncomplicated firewall.
[[0;32m  OK  [0m] Started Nameserver information manager.
[[0;32m  OK  [0m] Started LVM2 metadata daemon.
         Mounting FUSE Control File System...
         Starting Apply Kernel Variables...
         Starting Create Static Device Nodes in /dev...
         Starting Load/Save Random Seed...
         Starting udev Coldplug all Devices...
         Starting Flush Journal to Persistent Storage...
[[0;32m  OK  [0m] Mounted FUSE Control File System.
[[0;32m  OK  [0m] Started Apply Kernel Variables.
[[0;32m  OK  [0m] Started Create Static Device Nodes in /dev.
[[0;32m  OK  [0m] Started Load/Save Random Seed.
         Starting udev Kernel Device Manager...
[[0;32m  OK  [0m] Started Flush Journal to Persistent Storage.
[[0;32m  OK  [0m] Started udev Coldplug all Devices.
[[0;32m  OK  [0m] Started udev Kernel Device Manager.
[[0;32m  OK  [0m] Started Dispatch Password Requests to Console Directory Watch.
[[0;32m  OK  [0m] Started Monitoring of LVM2 mirrors,...ng dmeventd or progress polling.
[[0;32m  OK  [0m] Reached target Local File Systems (Pre).
[[0;32m  OK  [0m] Reached target Local File Systems.
         Starting Initial cloud-init job (pre-networking)...
         Starting Create Volatile Files and Directories...
         Starting Set console font and keymap...
         Starting Tell Plymouth To Write Out Runtime Data...
         Starting LSB: AppArmor initialization...
         Starting Commit a transient machine-id on disk...
[[0;32m  OK  [0m] Started Create Volatile Files and Directories.
[[0;32m  OK  [0m] Started Tell Plymouth To Write Out Runtime Data.
         Starting Update UTMP about System Boot/Shutdown...
[[0;32m  OK  [0m] Started Update UTMP about System Boot/Shutdown.
[[0;32m  OK  [0m] Started Commit a transient machine-id on disk.
[[0;32m  OK  [0m] Found device /dev/ttyS0.
[[0;32m  OK  [0m] Listening on Load/Save RF Kill Switch Status /dev/rfkill Watch.
[    6.987125] cloud-init[476]: Cloud-init v. 19.4-33-gbb4131a2-0ubuntu1~16.04.1 running 'init-local' at Sun, 15 Mar 2020 19:19:25 +0000. Up 6.61 seconds.
[[0;32m  OK  [0m] Started Initial cloud-init job (pre-networking).
[[0;32m  OK  [0m] Reached target Network (Pre).
[[0;32m  OK  [0m] Started LSB: AppArmor initialization.
         Starting Raise network interfaces...
[[0;32m  OK  [0m] Started Set console font and keymap.
[[0;32m  OK  [0m] Created slice system-getty.slice.
[[0;32m  OK  [0m] Started Raise network interfaces.
         Starting Initial cloud-init job (metadata service crawler)...
[[0;32m  OK  [0m] Reached target Network.
[    8.614093] cloud-init[942]: Cloud-init v. 19.4-33-gbb4131a2-0ubuntu1~16.04.1 running 'init' at Sun, 15 Mar 2020 19:19:27 +0000. Up 8.17 seconds.
[    8.615468] cloud-init[942]: ci-info: ++++++++++++++++++++++++++++++++++++++Net device info++++++++++++++++++++++++++++++++++++++
[    8.624834] cloud-init[942]: ci-info: +--------+------+----------------------------+---------------+--------+-------------------+
[    8.632642] cloud-init[942]: ci-info: | Device |  Up  |          Address           |      Mask     | Scope  |     Hw-Address    |
[    8.633895] cloud-init[942]: ci-info: +--------+------+----------------------------+---------------+--------+-------------------+
[    8.635069] cloud-init[942]: ci-info: | enp0s3 | True |         10.0.2.15          | 255.255.255.0 | global | 02:1b:c5:10:6b:e2 |
[    8.644382] cloud-init[942]: ci-info: | enp0s3 | True | fe80::1b:c5ff:fe10:6be2/64 |       .       |  link  | 02:1b:c5:10:6b:e2 |
[    8.645735] cloud-init[942]: ci-info: |   lo   | True |         127.0.0.1          |   255.0.0.0   |  host  |         .         |
[    8.653089] cloud-init[942]: ci-info: |   lo   | True |          ::1/128           |       .       |  host  |         .         |
[    8.664296] cloud-init[942]: ci-info: +--------+------+----------------------------+---------------+--------+-------------------+
[    8.664481] cloud-init[942]: ci-info: +++++++++++++++++++++++++++Route IPv4 info++++++++++++++++++++++++++++
[[0;32m  OK  [0m] Started Initial cloud-init job (metadata service crawler).
[    8.664762] cloud-init[942]: ci-info: +-------+-------------+----------+---------------+-----------+-------+
[    8.667738] cloud-init[942]: ci-info: | Route | Destination | Gateway  |    Genmask    | Interface | Flags |
[    8.667883] cloud-init[942]: ci-info: +-------+-------------+----------+---------------+-----------+-------+
[    8.668334] cloud-init[942]: ci-info: |   0   |   0.0.0.0   | 10.0.2.2 |    0.0.0.0    |   enp0s3  |   UG  |
[    8.668546] cloud-init[942]: ci-info: |   1   |   10.0.2.0  | 0.0.0.0  | 255.255.255.0 |   enp0s3  |   U   |
[    8.668764] cloud-init[942]: ci-info: +-------+-------------+----------+---------------+-----------+-------+
[    8.669099] cloud-init[942]: ci-info: +++++++++++++++++++Route IPv6 info+++++++++++++++++++
[    8.669311] cloud-init[942]: ci-info: +-------+-------------+---------+-----------+-------+
[    8.669529] cloud-init[942]: ci-info: | Route | Destination | Gateway | Interface | Flags |
[    8.669746] cloud-init[942]: ci-info: +-------+-------------+---------+-----------+-------+
[    8.670080] cloud-init[942]: ci-info: |   0   |  fe80::/64  |    ::   |   enp0s3  |   U   |
[    8.670292] cloud-init[942]: ci-info: |   3   |   ff00::/8  |    ::   |   enp0s3  |   U   |
[    8.670509] cloud-init[942]: ci-info: +-------+-------------+---------+-----------+-------+
[    8.670733] cloud-init[942]: Generating public/private rsa key pair.
[    8.671047] cloud-init[942]: Your identification has been saved in /etc/ssh/ssh_host_rsa_key.
[    8.671260] cloud-init[942]: Your public key has been saved in /etc/ssh/ssh_host_rsa_key.pub.
[    8.671476] cloud-init[942]: The key fingerprint is:
[    8.671692] cloud-init[942]: SHA256:V/9/v1H0vsf2RE2mkrqln7oEjOuUkEF1aCOoTC0D1Co root@ubuntu-xenial
[    8.672046] cloud-init[942]: The key's randomart image is:
[    8.672235] cloud-init[942]: +---[RSA 2048]----+
[    8.672450] cloud-init[942]: |+.o......        |
[    8.672667] cloud-init[942]: | +.+. +.         |
[    8.673038] cloud-init[942]: |o.+ .o .    .   +|
[    8.673247] cloud-init[942]: |Eo   o o   . o =o|
[    8.673463] cloud-init[942]: |.   o . S . o o =|
[    8.673680] cloud-init[942]: |     . o o . . +.|
[    8.674045] cloud-init[942]: |      +   o .  o+|
[    8.674258] cloud-init[942]: |     o   . + . .O|
[    8.674475] cloud-init[942]: |      .   =+o  +X|
[    8.674694] cloud-init[942]: +----[SHA256]-----+
[    8.674916] cloud-init[942]: Generating public/private dsa key pair.
[    8.675129] cloud-init[942]: Your identification has been saved in /etc/ssh/ssh_host_dsa_key.
[    8.675346] cloud-init[942]: Your public key has been saved in /etc/ssh/ssh_host_dsa_key.pub.
[    8.675567] cloud-init[942]: The key fingerprint is:
[    8.675801] cloud-init[942]: SHA256:rgw3GZvtqN9SbNQV1zf/UhlSHyF7igmUnwx22xzzamI root@ubuntu-xenial
[    8.676030] cloud-init[942]: The key's randomart image is:
[    8.676231] cloud-init[942]: +---[DSA 1024]----+
[    8.676447] cloud-init[942]: |         .. .oo=.|
[    8.676679] cloud-init[942]: |        .+ ..=oo=|
[    8.676887] cloud-init[942]: |        .o=.=.=.B|
[    8.677105] cloud-init[942]: |        . o=ooooo|
[    8.677322] cloud-init[942]: |      .oS  o ....|
[    8.677542] cloud-init[942]: |       B+  E o. .|
[    8.677795] cloud-init[942]: |    . *oo . o  . |
[    8.678033] cloud-init[942]: |     +.*         |
[    8.678253] cloud-init[942]: |    .o=.o        |
[    8.678471] cloud-init[942]: +----[SHA256]-----+
[    8.678699] cloud-init[942]: Generating public/private ecdsa key pair.
[    8.678913] cloud-init[942]: Your identification has been saved in /etc/ssh/ssh_host_ecdsa_key.
[    8.679132] cloud-init[942]: Your public key has been saved in /etc/ssh/ssh_host_ecdsa_key.pub.
[    8.679351] cloud-init[942]: The key fingerprint is:
[    8.679570] cloud-init[942]: SHA256:bYb9O9HNvhcSYNT6O4JiQ+3pCIOO7URjyCGruBDc9SY root@ubuntu-xenial
[    8.679909] cloud-init[942]: The key's randomart image is:
[    8.680357] cloud-init[942]: +---[ECDSA 256]---+
[    8.680584] cloud-init[942]: |          ...    |
[    8.680799] cloud-init[942]: |           o .   |
[    8.681016] cloud-init[942]: |..   .    . o    |
[    8.681236] cloud-init[942]: |+.+ . .  + . .   |
[    8.681455] cloud-init[942]: |o+ = E oS = ...o |
[    8.681784] cloud-init[942]: |o.o o o. + ..o..o|
[    8.681999] cloud-init[942]: |+  o o. . o ..o..|
[    8.682218] cloud-init[942]: |..=   o+.+ ..+  o|
[    8.682436] cloud-init[942]: |...+  ..+.  o...o|
[    8.682669] cloud-init[942]: +----[SHA256]-----+
[    8.682885] cloud-init[942]: Generating public/private ed25519 key pair.
[    8.683102] cloud-init[942]: Your identification has been saved in /etc/ssh/ssh_host_ed25519_key.
[    8.683321] cloud-init[942]: Your public key has been saved in /etc/ssh/ssh_host_ed25519_key.pub.
[    8.683552] cloud-init[942]: The key fingerprint is:
[    8.683766] cloud-init[942]: SHA256:DFanK4m9eafasM0vFxf57UTIzLqY9ofg7XaKZUPMJKM root@ubuntu-xenial
[    8.683984] cloud-init[942]: The key's randomart image is:
[    8.684323] cloud-init[942]: +--[ED25519 256]--+
[    8.684652] cloud-init[942]: |        . .      |
[    8.684865] cloud-init[942]: |       . o       |
[    8.685085] cloud-init[942]: |      o . o .= . |
[    8.685303] cloud-init[942]: |     + + o *o = .|
[    8.685536] cloud-init[942]: |    . + E   ++ o |
[    8.685747] cloud-init[942]: |       +  o.o . o|
[    8.685960] cloud-init[942]: |      + ...B+o o |
[    8.686178] cloud-init[942]: |       B.o*+=.o .|
[[0;32m  OK  [0m] Reached target System Initialization.
         Starting Socket activation for snappy daemon.[    8.686520] cloud-init[942]: |      o.==o+++   |
[    8.706959] cloud-init[942]: +----[SHA256]-----+

[[0;32m  OK  [0m] Started Message of the Day.
[[0;32m  OK  [0m] Listening on UUID daemon activation socket.
         Starting LXD - unix socket.
[[0;32m  OK  [0m] Started Daily Cleanup of Temporary Directories.
[[0;32m  OK  [0m] Listening on ACPID Listen Socket.
[[0;32m  OK  [0m] Listening on D-Bus System Message Bus Socket.
[[0;32m  OK  [0m] Started ACPI Events Check.
[[0;32m  OK  [0m] Reached target Paths.
[[0;32m  OK  [0m] Started Daily apt download activities.
[[0;32m  OK  [0m] Started Daily apt upgrade and clean activities.
[[0;32m  OK  [0m] Reached target Timers.
[[0;32m  OK  [0m] Reached target Network is Online.
         Starting iSCSI initiator daemon (iscsid)...
[[0;32m  OK  [0m] Reached target Cloud-config availability.
[[0;32m  OK  [0m] Listening on Socket activation for snappy daemon.
[[0;32m  OK  [0m] Listening on LXD - unix socket.
[[0;32m  OK  [0m] Reached target Sockets.
[[0;32m  OK  [0m] Reached target Basic System.
         Starting Accounts Service...
         Starting Login Service...
         Starting /etc/rc.local Compatibility...
         Starting System Logging Service...
         Starting LSB: MD monitoring daemon...
         Starting Pollinate to seed the pseudo random number generator...
[[0;32m  OK  [0m] Started FUSE filesystem for LXC.
[[0;32m  OK  [0m] Started ACPI event daemon.
[[0;32m  OK  [0m] Started Regular background program processing daemon.
         Starting Virtualbox guest utils...
[[0;32m  OK  [0m] Started D-Bus System Message Bus.
[[0;32m  OK  [0m] Started Deferred execution scheduler.
         Starting LSB: Record successful boot for GRUB...
         Starting LXD - container startup/shutdown...
         Starting Snappy daemon...
[[0;32m  OK  [0m] Started System Logging Service.
[[0;32m  OK  [0m] Started /etc/rc.local Compatibility.
[[0;32m  OK  [0m] Started iSCSI initiator daemon (iscsid).
         Starting Login to default iSCSI targets...
[[0;32m  OK  [0m] Started LSB: MD monitoring daemon.
[[0;32m  OK  [0m] Started LSB: Record successful boot for GRUB.
[[0;32m  OK  [0m] Started Login Service.
         Starting Authenticate and Authorize Users to Run Privileged Tasks...
[[0;32m  OK  [0m] Started Unattended Upgrades Shutdown.
[[0;32m  OK  [0m] Started Virtualbox guest utils.
[[0;32m  OK  [0m] Started Authenticate and Authorize Users to Run Privileged Tasks.
[[0;32m  OK  [0m] Started Accounts Service.
[[0;32m  OK  [0m] Started Login to default iSCSI targets.
[[0;32m  OK  [0m] Started LXD - container startup/shutdown.
[[0;32m  OK  [0m] Reached target Remote File Systems (Pre).
[[0;32m  OK  [0m] Reached target Remote File Systems.
         Starting LSB: automatic crash report generation...
         Starting LSB: Set the CPU Frequency Scaling governor to "ondemand"...
         Starting Permit User Sessions...
         Starting LSB: daemon to balance interrupts for SMP systems...
[[0;32m  OK  [0m] Started Permit User Sessions.
         Starting Terminate Plymouth Boot Screen...
         Starting Hold until boot process finishes up...
[[0;32m  OK  [0m] Started Hold until boot process finishes up.
[[0;32m  OK  [0m] Started Serial Getty on ttyS0.
[[0;32m  OK  [0m] Started Getty on tty1.
[[0;32m  OK  [0m] Reached target Login Prompts.
         Starting Set console scheme...
[[0;32m  OK  [0m] Started LSB: automatic crash report generation.
[[0;32m  OK  [0m] Started LSB: Set the CPU Frequency Scaling governor to "ondemand".
[[0;32m  OK  [0m] Started LSB: daemon to balance interrupts for SMP systems.
[[0;32m  OK  [0m] Started Terminate Plymouth Boot Screen.
[[0;32m  OK  [0m] Started Set console scheme.
[[0;32m  OK  [0m] Started Snappy daemon.
         Starting Wait until snapd is fully seeded...
[[0;32m  OK  [0m] Started Pollinate to seed the pseudo random number generator.
         Starting OpenBSD Secure Shell server...
[[0;32m  OK  [0m] Started OpenBSD Secure Shell server.
[[0;32m  OK  [0m] Started Wait until snapd is fully seeded.
[[0;32m  OK  [0m] Reached target Multi-User System.
[[0;32m  OK  [0m] Reached target Graphical Interface.
         Starting Update UTMP about System Runlevel Changes...
         Starting Apply the settings specified in cloud-config...
[[0;32m  OK  [0m] Started Update UTMP about System Runlevel Changes.
[   10.529267] cloud-init[1288]: Generating locales (this might take a while)...
[   11.310472] cloud-init[1288]:   en_US.UTF-8... done
[   11.311408] cloud-init[1288]: Generation complete.
[   11.559337] cloud-init[1288]: Cloud-init v. 19.4-33-gbb4131a2-0ubuntu1~16.04.1 running 'modules:config' at Sun, 15 Mar 2020 19:19:29 +0000. Up 10.42 seconds.
[[0;32m  OK  [0m] Started Apply the settings specified in cloud-config.
         Starting Execute cloud user/final scripts...
ci-info: no authorized SSH keys fingerprints found for user ubuntu.
<14>Mar 15 19:19:30 ec2: 
<14>Mar 15 19:19:30 ec2: #############################################################
<14>Mar 15 19:19:30 ec2: -----BEGIN SSH HOST KEY FINGERPRINTS-----
<14>Mar 15 19:19:30 ec2: 1024 SHA256:rgw3GZvtqN9SbNQV1zf/UhlSHyF7igmUnwx22xzzamI root@ubuntu-xenial (DSA)
<14>Mar 15 19:19:30 ec2: 256 SHA256:bYb9O9HNvhcSYNT6O4JiQ+3pCIOO7URjyCGruBDc9SY root@ubuntu-xenial (ECDSA)
<14>Mar 15 19:19:30 ec2: 256 SHA256:DFanK4m9eafasM0vFxf57UTIzLqY9ofg7XaKZUPMJKM root@ubuntu-xenial (ED25519)
<14>Mar 15 19:19:30 ec2: 2048 SHA256:V/9/v1H0vsf2RE2mkrqln7oEjOuUkEF1aCOoTC0D1Co root@ubuntu-xenial (RSA)
<14>Mar 15 19:19:30 ec2: -----END SSH HOST KEY FINGERPRINTS-----
<14>Mar 15 19:19:30 ec2: #############################################################
-----BEGIN SSH HOST KEY KEYS-----
ecdsa-sha2-nistp256 AAAAE2VjZHNhLXNoYTItbmlzdHAyNTYAAAAIbmlzdHAyNTYAAABBBGca0SjOaFwn+DWKKZRmqTV1C0voJCWiAHD1cnaypB83JyreMxQt+mnmKlonzetCTS2FFeWWOYFmv+WA46l9iTM= root@ubuntu-xenial
ssh-ed25519 AAAAC3NzaC1lZDI1NTE5AAAAIJ7Asv91dxmHl/XEqXd7aZMr0XnlrNLgXQudzoLwsFXt root@ubuntu-xenial
ssh-rsa AAAAB3NzaC1yc2EAAAADAQABAAABAQDsh4ZNGQS7stD6241NO/WFGSlSxDGk2inLRpoV32xEQ2On0WbHgveFkiolM8ogQWMhsiRT0TRkbjo2LEx1NXTIVGgppYb37+KTbVbRv/f1yb7jcS4KrY+L11D5s/GN9fFHuyeAwdbqVMDivMlkmNIXipk51CsHwzw1HoP8lVFFfjSLT/FoAwvnhaB+I9Y5fqytCN44SwkDhTBpB8vhiYqpQxnZkbsnpgE8cgACMPVxtDkaYf1M3hWmCdaxBftxMRnRR6nkTFLVHC3qyt6fFXREno6iSHx9E1Z5eSc63zHQ1gs8KyXkxPzssDrawpoSILTA+ajlFgSIrgT4+VL7fhAz root@ubuntu-xenial
-----END SSH HOST KEY KEYS-----
[   12.063686] cloud-init[1327]: Cloud-init v. 19.4-33-gbb4131a2-0ubuntu1~16.04.1 running 'modules:final' at Sun, 15 Mar 2020 19:19:30 +0000. Up 11.90 seconds.
[   12.066435] cloud-init[1327]: ci-info: no authorized SSH keys fingerprints found for user ubuntu.
[   12.067871] cloud-init[1327]: Cloud-init v. 19.4-33-gbb4131a2-0ubuntu1~16.04.1 finished at Sun, 15 Mar 2020 19:19:30 +0000. Datasource DataSourceNoCloud [seed=/dev/sdb][dsmode=net].  Up 12.05 seconds
[[0;32m  OK  [0m] Started Execute cloud user/final scripts.
[[0;32m  OK  [0m] Reached target Cloud-init target.

Ubuntu 16.04.6 LTS ubuntu-xenial ttyS0

ubuntu-xenial login: 